#-----------------------------------------------------------
# Vivado v2023.1 (64-bit)
# SW Build 3865809 on Sun May  7 15:05:29 MDT 2023
# IP Build 3864474 on Sun May  7 20:36:21 MDT 2023
# SharedData Build 3865790 on Sun May 07 13:33:03 MDT 2023
# Start of session at: Wed Nov  8 17:51:21 2023
# Process ID: 13928
# Current directory: C:/Users/Public/Documents/project_yuval/project_yuval_3/project_yuval/camera_project/done_project_copied.runs/impl_1
# Command line: vivado.exe -log ov7670_top.vdi -applog -product Vivado -messageDb vivado.pb -mode batch -source ov7670_top.tcl -notrace
# Log file: C:/Users/Public/Documents/project_yuval/project_yuval_3/project_yuval/camera_project/done_project_copied.runs/impl_1/ov7670_top.vdi
# Journal file: C:/Users/Public/Documents/project_yuval/project_yuval_3/project_yuval/camera_project/done_project_copied.runs/impl_1\vivado.jou
# Running On: DESKTOP-2822QQS, OS: Windows, CPU Frequency: 3110 MHz, CPU Physical cores: 12, Host memory: 16886 MB
#-----------------------------------------------------------
source ov7670_top.tcl -notrace
